/Users/ajjoobandi/Development/personal/berigame/docs/art/characters/blender-v4/build_character.py:233: DeprecationWarning: 'Material.use_nodes' is expected to be removed in Blender 6.0
  mat=bpy.data.materials.new('Beri_OneAtlas');mat.use_nodes=True
INFO Draco is available, use library at /Applications/Blender.app/Contents/Resources/5.2/scripts/addons_core/io_scene_gltf2/libbf_intern_draco_bridge.dylib
INFO MeshOptimizer is available, use library at /Applications/Blender.app/Contents/Resources/5.2/scripts/addons_core/io_scene_gltf2/libbf_intern_meshopt_bridge.dylib
20:58:08 | INFO: Starting glTF 2.0 export
20:58:08 | INFO: Extracting primitive: StarterAdventurerMesh
20:58:08 | INFO: Primitives created: 1
20:58:09 | INFO: Finished glTF 2.0 export in 0.9001419544219971 s
/Users/ajjoobandi/Development/personal/berigame/docs/art/characters/blender-v4/build_character.py:380: DeprecationWarning: 'World.use_nodes' is expected to be removed in Blender 6.0
  world=bpy.data.worlds.new('WarmStudio');world.use_nodes=True;scene.world=world
/Users/ajjoobandi/Development/personal/berigame/docs/art/characters/blender-v4/build_character.py:386: DeprecationWarning: 'Material.use_nodes' is expected to be removed in Blender 6.0
  gm=bpy.data.materials.new('StudioSand');gm.diffuse_color=(.68,.63,.52,1);gm.use_nodes=True;gs=next(n for n in gm.node_tree.nodes if n.type=='BSDF_PRINCIPLED');gs.inputs['Base Color'].default_value=(.68,.63,.52,1);gs.inputs['Roughness'].default_value=1;ground.data.materials.append(gm)
00:05.924  render           | Saved: '/Users/ajjoobandi/Development/personal/berigame/docs/art/characters/blender-v4/tousled/run-5-preview.png'
00:08.978  render           | Saved: '/Users/ajjoobandi/Development/personal/berigame/docs/art/characters/blender-v4/tousled/strike-5-preview.png'
00:12.030  render           | Saved: '/Users/ajjoobandi/Development/personal/berigame/docs/art/characters/blender-v4/tousled/grab-7-preview.png'
00:15.095  render           | Saved: '/Users/ajjoobandi/Development/personal/berigame/docs/art/characters/blender-v4/tousled/grab-13-preview.png'
00:18.128  render           | Saved: '/Users/ajjoobandi/Development/personal/berigame/docs/art/characters/blender-v4/tousled/grabready-1-preview.png'
00:21.151  render           | Saved: '/Users/ajjoobandi/Development/personal/berigame/docs/art/characters/blender-v4/tousled/guard-1-preview.png'
00:24.195  render           | Saved: '/Users/ajjoobandi/Development/personal/berigame/docs/art/characters/blender-v4/tousled/blockcounter-9-preview.png'
00:27.248  render           | Saved: '/Users/ajjoobandi/Development/personal/berigame/docs/art/characters/blender-v4/tousled/grabbed-4-preview.png'

ASSET_METRICS {"hair_id": "tousled", "blender": "5.2.1 LTS", "triangles": 1970, "mesh_vertices": 1146, "materials": 1, "mesh_objects": 1, "bones": 26, "atlas": [64, 64], "max_vertex_influences": 2, "clips": {"Idle": {"seconds": 2.0, "loop": true}, "Run": {"seconds": 0.6666666666666666, "loop": true}, "RunGrab": {"seconds": 0.6666666666666666, "loop": true}, "RunGuard": {"seconds": 0.6666666666666666, "loop": true}, "Walk": {"seconds": 0.9333333333333333, "loop": true}, "Stop": {"seconds": 0.5, "loop": false}, "Turn": {"seconds": 0.6, "loop": false}, "Strike": {"seconds": 0.5, "loop": false}, "Grab": {"seconds": 0.7, "loop": false}, "GrabReady": {"seconds": 2.0, "loop": true}, "Guard": {"seconds": 2.0, "loop": true}, "Block": {"seconds": 0.4, "loop": false}, "BlockCounter": {"seconds": 0.6, "loop": false}, "Grabbed": {"seconds": 0.5, "loop": false}, "Hit": {"seconds": 0.4, "loop": false}, "Stagger": {"seconds": 0.5, "loop": false}, "Defeat": {"seconds": 1.2, "loop": false}}, "glb_bytes": 524944, "orientation": "Blender -Y forward, Z up; glTF +Z forward, Y up", "status": "Asset build only; integration and device qualification tracked in docs/PLAYABLE_GRAPHICS_PROGRESS.md"}
Info: Saved as "starter-adventurer-v4-tousled.blend"
BUILD_COMPLETE /Users/ajjoobandi/Development/personal/berigame/docs/art/characters/blender-v4/tousled
Blender 5.2.1 LTS (hash 9e2066aef7ef built 2026-08-25 01:35:57)

Blender quit
